// Jest Snapshot v1, https://goo.gl/fbAQLP

exports[`HeaderView when the variant is small renders the component correctly 1`] = `
<View
  style={
    Object {
      "flexDirection": "row",
      "minHeight": 40,
    }
  }
  testID="testing-headerView-component"
>
  <View
    style={
      Object {
        "flex": 1,
        "flexDirection": "row",
        "minHeight": 44,
      }
    }
  >
    <View
      style={
        Object {
          "alignSelf": "center",
          "aspectRatio": 1,
          "backgroundColor": "#A0A0A0",
          "borderRadius": 22,
          "height": 28,
          "marginTop": 6,
        }
      }
    >
      <View
        accessible={true}
        collapsable={false}
        focusable={true}
        onBlur={[Function]}
        onClick={[Function]}
        onFocus={[Function]}
        onResponderGrant={[Function]}
        onResponderMove={[Function]}
        onResponderRelease={[Function]}
        onResponderTerminate={[Function]}
        onResponderTerminationRequest={[Function]}
        onStartShouldSetResponder={[Function]}
      >
        <View
          style={
            Object {
              "alignItems": "center",
              "aspectRatio": 1,
              "backgroundColor": "#A0A0A0",
              "borderRadius": 68,
              "display": "flex",
              "height": 28,
              "justifyContent": "center",
            }
          }
          testID="userAvatar-image"
        >
          <View
            style={
              Array [
                Object {
                  "overflow": "hidden",
                },
                Object {
                  "aspectRatio": 1,
                  "height": 15,
                  "width": 32,
                },
              ]
            }
          >
            <FastImageView
              onFastImageLoadEnd={[Function]}
              resizeMode="cover"
              source={
                Object {
                  "testUri": "../../../src/assets/icons/user.png",
                }
              }
              style={
                Object {
                  "bottom": 0,
                  "left": 0,
                  "position": "absolute",
                  "right": 0,
                  "top": 0,
                }
              }
              testID="image"
              tintColor="#FFFFFF"
            />
          </View>
          <View
            style={
              Object {
                "alignItems": "center",
                "bottom": 0,
                "justifyContent": "center",
                "left": 0,
                "opacity": 1,
                "position": "absolute",
                "right": 0,
                "top": 0,
              }
            }
          >
            <View
              style={
                Object {
                  "alignItems": "center",
                  "aspectRatio": 1,
                  "backgroundColor": "#A0A0A0",
                  "borderRadius": 68,
                  "display": "flex",
                  "height": 28,
                  "justifyContent": "center",
                }
              }
            >
              <View
                style={
                  Array [
                    Object {
                      "overflow": "hidden",
                    },
                    Object {
                      "aspectRatio": 1,
                      "height": 15,
                      "width": 32,
                    },
                  ]
                }
              >
                <FastImageView
                  resizeMode="cover"
                  source={
                    Object {
                      "testUri": "../../../src/assets/icons/user.png",
                    }
                  }
                  style={
                    Object {
                      "bottom": 0,
                      "left": 0,
                      "position": "absolute",
                      "right": 0,
                      "top": 0,
                    }
                  }
                  testID="userAvatar-image-loader"
                  tintColor="#FFFFFF"
                />
              </View>
            </View>
          </View>
        </View>
      </View>
    </View>
    <View
      style={
        Object {
          "flex": 1,
          "justifyContent": "center",
          "marginLeft": 10,
          "marginVertical": 2,
        }
      }
    >
      <View
        accessible={true}
        collapsable={false}
        focusable={true}
        onBlur={[Function]}
        onClick={[Function]}
        onFocus={[Function]}
        onResponderGrant={[Function]}
        onResponderMove={[Function]}
        onResponderRelease={[Function]}
        onResponderTerminate={[Function]}
        onResponderTerminationRequest={[Function]}
        onStartShouldSetResponder={[Function]}
      >
        <Text
          style={
            Object {
              "color": "#1F2E4E",
              "flexWrap": "wrap",
              "fontFamily": "NotoSansJP-Bold",
              "fontSize": 14,
              "fontWeight": undefined,
              "letterSpacing": 0,
              "lineHeight": 20,
            }
          }
          testID="pilotName-text"
        >
          <Text>
            A pilot name
          </Text>
        </Text>
      </View>
      <View
        style={
          Object {
            "height": 0,
            "marginTop": 0,
          }
        }
      >
        <Text
          style={
            Object {
              "color": "#767676",
              "flexWrap": "wrap",
              "fontFamily": "NotoSansJP-Regular",
              "fontSize": 12,
              "fontWeight": undefined,
              "letterSpacing": 0,
              "lineHeight": 16,
            }
          }
          testID="bodyInfo-text"
        />
      </View>
    </View>
  </View>
</View>
`;

exports[`HeaderView with a star next to the pilot name renders the star icon correctly 1`] = `
<View
  style={
    Object {
      "flexDirection": "row",
      "minHeight": 44,
    }
  }
  testID="testing-headerView-component"
>
  <View
    style={
      Object {
        "flex": 1,
        "flexDirection": "row",
        "minHeight": 44,
      }
    }
  >
    <View
      style={
        Object {
          "alignSelf": "center",
          "aspectRatio": 1,
          "backgroundColor": "#A0A0A0",
          "borderRadius": 22,
          "height": 44,
        }
      }
    >
      <View
        accessible={true}
        collapsable={false}
        focusable={true}
        onBlur={[Function]}
        onClick={[Function]}
        onFocus={[Function]}
        onResponderGrant={[Function]}
        onResponderMove={[Function]}
        onResponderRelease={[Function]}
        onResponderTerminate={[Function]}
        onResponderTerminationRequest={[Function]}
        onStartShouldSetResponder={[Function]}
      >
        <View
          style={
            Object {
              "alignItems": "center",
              "aspectRatio": 1,
              "backgroundColor": "#A0A0A0",
              "borderRadius": 68,
              "display": "flex",
              "height": 44,
              "justifyContent": "center",
            }
          }
          testID="userAvatar-image"
        >
          <View
            style={
              Array [
                Object {
                  "overflow": "hidden",
                },
                Object {
                  "aspectRatio": 1,
                  "height": 24,
                  "width": 32,
                },
              ]
            }
          >
            <FastImageView
              onFastImageLoadEnd={[Function]}
              resizeMode="cover"
              source={
                Object {
                  "testUri": "../../../src/assets/icons/user.png",
                }
              }
              style={
                Object {
                  "bottom": 0,
                  "left": 0,
                  "position": "absolute",
                  "right": 0,
                  "top": 0,
                }
              }
              testID="image"
              tintColor="#FFFFFF"
            />
          </View>
          <View
            style={
              Object {
                "alignItems": "center",
                "bottom": 0,
                "justifyContent": "center",
                "left": 0,
                "opacity": 1,
                "position": "absolute",
                "right": 0,
                "top": 0,
              }
            }
          >
            <View
              style={
                Object {
                  "alignItems": "center",
                  "aspectRatio": 1,
                  "backgroundColor": "#A0A0A0",
                  "borderRadius": 68,
                  "display": "flex",
                  "height": 44,
                  "justifyContent": "center",
                }
              }
            >
              <View
                style={
                  Array [
                    Object {
                      "overflow": "hidden",
                    },
                    Object {
                      "aspectRatio": 1,
                      "height": 24,
                      "width": 32,
                    },
                  ]
                }
              >
                <FastImageView
                  resizeMode="cover"
                  source={
                    Object {
                      "testUri": "../../../src/assets/icons/user.png",
                    }
                  }
                  style={
                    Object {
                      "bottom": 0,
                      "left": 0,
                      "position": "absolute",
                      "right": 0,
                      "top": 0,
                    }
                  }
                  testID="userAvatar-image-loader"
                  tintColor="#FFFFFF"
                />
              </View>
            </View>
          </View>
        </View>
      </View>
    </View>
    <View
      style={
        Object {
          "flex": 1,
          "justifyContent": "center",
          "marginLeft": 10,
          "marginVertical": 2,
        }
      }
    >
      <View
        accessible={true}
        collapsable={false}
        focusable={true}
        onBlur={[Function]}
        onClick={[Function]}
        onFocus={[Function]}
        onResponderGrant={[Function]}
        onResponderMove={[Function]}
        onResponderRelease={[Function]}
        onResponderTerminate={[Function]}
        onResponderTerminationRequest={[Function]}
        onStartShouldSetResponder={[Function]}
      >
        <Text
          style={
            Object {
              "color": "#1F2E4E",
              "flexWrap": "wrap",
              "fontFamily": "NotoSansJP-Bold",
              "fontSize": 14,
              "fontWeight": undefined,
              "letterSpacing": 0,
              "lineHeight": 20,
            }
          }
          testID="pilotName-text"
        >
          <Text>
            A pilot name
          </Text>
            
          <Image
            source={
              Object {
                "testUri": "../../../src/assets/icons/starMyFeed.png",
              }
            }
            style={
              Object {
                "height": 16,
                "width": 16,
              }
            }
            testID="star-image"
          />
        </Text>
      </View>
      <View
        style={
          Object {
            "marginTop": 4,
          }
        }
      >
        <Text
          style={
            Object {
              "color": "#767676",
              "flexWrap": "wrap",
              "fontFamily": "NotoSansJP-Regular",
              "fontSize": 12,
              "fontWeight": undefined,
              "letterSpacing": 0,
              "lineHeight": 16,
            }
          }
          testID="bodyInfo-text"
        >
          4h
        </Text>
      </View>
    </View>
  </View>
</View>
`;

exports[`HeaderView with a titleExtraInfo renders the title extra info correctly 1`] = `
<View
  style={
    Object {
      "flexDirection": "row",
      "minHeight": 44,
    }
  }
  testID="testing-headerView-component"
>
  <View
    style={
      Object {
        "flex": 1,
        "flexDirection": "row",
        "minHeight": 44,
      }
    }
  >
    <View
      style={
        Object {
          "alignSelf": "center",
          "aspectRatio": 1,
          "backgroundColor": "#A0A0A0",
          "borderRadius": 22,
          "height": 44,
        }
      }
    >
      <View
        accessible={true}
        collapsable={false}
        focusable={true}
        onBlur={[Function]}
        onClick={[Function]}
        onFocus={[Function]}
        onResponderGrant={[Function]}
        onResponderMove={[Function]}
        onResponderRelease={[Function]}
        onResponderTerminate={[Function]}
        onResponderTerminationRequest={[Function]}
        onStartShouldSetResponder={[Function]}
      >
        <View
          style={
            Object {
              "alignItems": "center",
              "aspectRatio": 1,
              "backgroundColor": "#A0A0A0",
              "borderRadius": 68,
              "display": "flex",
              "height": 44,
              "justifyContent": "center",
            }
          }
          testID="userAvatar-image"
        >
          <View
            style={
              Array [
                Object {
                  "overflow": "hidden",
                },
                Object {
                  "aspectRatio": 1,
                  "height": 24,
                  "width": 32,
                },
              ]
            }
          >
            <FastImageView
              onFastImageLoadEnd={[Function]}
              resizeMode="cover"
              source={
                Object {
                  "testUri": "../../../src/assets/icons/user.png",
                }
              }
              style={
                Object {
                  "bottom": 0,
                  "left": 0,
                  "position": "absolute",
                  "right": 0,
                  "top": 0,
                }
              }
              testID="image"
              tintColor="#FFFFFF"
            />
          </View>
          <View
            style={
              Object {
                "alignItems": "center",
                "bottom": 0,
                "justifyContent": "center",
                "left": 0,
                "opacity": 1,
                "position": "absolute",
                "right": 0,
                "top": 0,
              }
            }
          >
            <View
              style={
                Object {
                  "alignItems": "center",
                  "aspectRatio": 1,
                  "backgroundColor": "#A0A0A0",
                  "borderRadius": 68,
                  "display": "flex",
                  "height": 44,
                  "justifyContent": "center",
                }
              }
            >
              <View
                style={
                  Array [
                    Object {
                      "overflow": "hidden",
                    },
                    Object {
                      "aspectRatio": 1,
                      "height": 24,
                      "width": 32,
                    },
                  ]
                }
              >
                <FastImageView
                  resizeMode="cover"
                  source={
                    Object {
                      "testUri": "../../../src/assets/icons/user.png",
                    }
                  }
                  style={
                    Object {
                      "bottom": 0,
                      "left": 0,
                      "position": "absolute",
                      "right": 0,
                      "top": 0,
                    }
                  }
                  testID="userAvatar-image-loader"
                  tintColor="#FFFFFF"
                />
              </View>
            </View>
          </View>
        </View>
      </View>
    </View>
    <View
      style={
        Object {
          "flex": 1,
          "justifyContent": "center",
          "marginLeft": 10,
          "marginVertical": 2,
        }
      }
    >
      <View
        accessible={true}
        collapsable={false}
        focusable={true}
        onBlur={[Function]}
        onClick={[Function]}
        onFocus={[Function]}
        onResponderGrant={[Function]}
        onResponderMove={[Function]}
        onResponderRelease={[Function]}
        onResponderTerminate={[Function]}
        onResponderTerminationRequest={[Function]}
        onStartShouldSetResponder={[Function]}
      >
        <Text
          style={
            Object {
              "color": "#1F2E4E",
              "flexWrap": "wrap",
              "fontFamily": "NotoSansJP-Bold",
              "fontSize": 14,
              "fontWeight": undefined,
              "letterSpacing": 0,
              "lineHeight": 20,
            }
          }
          testID="pilotName-text"
        >
          <Text>
            A pilot name
          </Text>
          <Text
            style={
              Object {
                "color": "#5B5B5B",
                "fontFamily": "NotoSansJP-Bold",
                "fontSize": 13,
                "fontWeight": undefined,
                "letterSpacing": 0,
                "lineHeight": 20,
              }
            }
            testID="titleExtraInfoSeparator-Text"
          >
             • 
          </Text>
          <Text
            style={
              Object {
                "color": "#767676",
                "fontFamily": "NotoSansJP-Regular",
                "fontSize": 12,
                "fontWeight": undefined,
                "letterSpacing": 0,
                "lineHeight": 16,
              }
            }
            testID="titleExtraInfo-text"
          >
            title extra info
          </Text>
        </Text>
      </View>
      <View
        style={
          Object {
            "marginTop": 4,
          }
        }
      >
        <Text
          style={
            Object {
              "color": "#767676",
              "flexWrap": "wrap",
              "fontFamily": "NotoSansJP-Regular",
              "fontSize": 12,
              "fontWeight": undefined,
              "letterSpacing": 0,
              "lineHeight": 16,
            }
          }
          testID="bodyInfo-text"
        >
          4h
        </Text>
      </View>
    </View>
  </View>
</View>
`;

exports[`HeaderView with a titleInfo renders the title info correctly 1`] = `
<View
  style={
    Object {
      "flexDirection": "row",
      "minHeight": 44,
    }
  }
  testID="testing-headerView-component"
>
  <View
    style={
      Object {
        "flex": 1,
        "flexDirection": "row",
        "minHeight": 44,
      }
    }
  >
    <View
      style={
        Object {
          "alignSelf": "center",
          "aspectRatio": 1,
          "backgroundColor": "#A0A0A0",
          "borderRadius": 22,
          "height": 44,
        }
      }
    >
      <View
        accessible={true}
        collapsable={false}
        focusable={true}
        onBlur={[Function]}
        onClick={[Function]}
        onFocus={[Function]}
        onResponderGrant={[Function]}
        onResponderMove={[Function]}
        onResponderRelease={[Function]}
        onResponderTerminate={[Function]}
        onResponderTerminationRequest={[Function]}
        onStartShouldSetResponder={[Function]}
      >
        <View
          style={
            Object {
              "alignItems": "center",
              "aspectRatio": 1,
              "backgroundColor": "#A0A0A0",
              "borderRadius": 68,
              "display": "flex",
              "height": 44,
              "justifyContent": "center",
            }
          }
          testID="userAvatar-image"
        >
          <View
            style={
              Array [
                Object {
                  "overflow": "hidden",
                },
                Object {
                  "aspectRatio": 1,
                  "height": 24,
                  "width": 32,
                },
              ]
            }
          >
            <FastImageView
              onFastImageLoadEnd={[Function]}
              resizeMode="cover"
              source={
                Object {
                  "testUri": "../../../src/assets/icons/user.png",
                }
              }
              style={
                Object {
                  "bottom": 0,
                  "left": 0,
                  "position": "absolute",
                  "right": 0,
                  "top": 0,
                }
              }
              testID="image"
              tintColor="#FFFFFF"
            />
          </View>
          <View
            style={
              Object {
                "alignItems": "center",
                "bottom": 0,
                "justifyContent": "center",
                "left": 0,
                "opacity": 1,
                "position": "absolute",
                "right": 0,
                "top": 0,
              }
            }
          >
            <View
              style={
                Object {
                  "alignItems": "center",
                  "aspectRatio": 1,
                  "backgroundColor": "#A0A0A0",
                  "borderRadius": 68,
                  "display": "flex",
                  "height": 44,
                  "justifyContent": "center",
                }
              }
            >
              <View
                style={
                  Array [
                    Object {
                      "overflow": "hidden",
                    },
                    Object {
                      "aspectRatio": 1,
                      "height": 24,
                      "width": 32,
                    },
                  ]
                }
              >
                <FastImageView
                  resizeMode="cover"
                  source={
                    Object {
                      "testUri": "../../../src/assets/icons/user.png",
                    }
                  }
                  style={
                    Object {
                      "bottom": 0,
                      "left": 0,
                      "position": "absolute",
                      "right": 0,
                      "top": 0,
                    }
                  }
                  testID="userAvatar-image-loader"
                  tintColor="#FFFFFF"
                />
              </View>
            </View>
          </View>
        </View>
      </View>
    </View>
    <View
      style={
        Object {
          "flex": 1,
          "justifyContent": "center",
          "marginLeft": 10,
          "marginVertical": 2,
        }
      }
    >
      <View
        accessible={true}
        collapsable={false}
        focusable={true}
        onBlur={[Function]}
        onClick={[Function]}
        onFocus={[Function]}
        onResponderGrant={[Function]}
        onResponderMove={[Function]}
        onResponderRelease={[Function]}
        onResponderTerminate={[Function]}
        onResponderTerminationRequest={[Function]}
        onStartShouldSetResponder={[Function]}
      >
        <Text
          style={
            Object {
              "color": "#1F2E4E",
              "flexWrap": "wrap",
              "fontFamily": "NotoSansJP-Bold",
              "fontSize": 14,
              "fontWeight": undefined,
              "letterSpacing": 0,
              "lineHeight": 20,
            }
          }
          testID="pilotName-text"
        >
          <Text>
            A pilot name
          </Text>
          <Text
            style={
              Object {
                "color": "#1F2E4E",
                "fontFamily": "NotoSansJP-Regular",
                "fontSize": 14,
                "fontWeight": undefined,
                "letterSpacing": 0,
                "lineHeight": 20,
              }
            }
            testID="titleInfo-Text"
          >
             title info
          </Text>
        </Text>
      </View>
      <View
        style={
          Object {
            "marginTop": 4,
          }
        }
      >
        <Text
          style={
            Object {
              "color": "#767676",
              "flexWrap": "wrap",
              "fontFamily": "NotoSansJP-Regular",
              "fontSize": 12,
              "fontWeight": undefined,
              "letterSpacing": 0,
              "lineHeight": 16,
            }
          }
          testID="bodyInfo-text"
        >
          4h
        </Text>
      </View>
    </View>
  </View>
</View>
`;

exports[`HeaderView with body info and secondary info renders the component correctly 1`] = `
<View
  style={
    Object {
      "flexDirection": "row",
      "minHeight": 44,
    }
  }
  testID="testing-headerView-component"
>
  <View
    style={
      Object {
        "flex": 1,
        "flexDirection": "row",
        "minHeight": 44,
      }
    }
  >
    <View
      style={
        Object {
          "alignSelf": "center",
          "aspectRatio": 1,
          "backgroundColor": "#A0A0A0",
          "borderRadius": 22,
          "height": 44,
        }
      }
    >
      <View
        accessible={true}
        collapsable={false}
        focusable={true}
        onBlur={[Function]}
        onClick={[Function]}
        onFocus={[Function]}
        onResponderGrant={[Function]}
        onResponderMove={[Function]}
        onResponderRelease={[Function]}
        onResponderTerminate={[Function]}
        onResponderTerminationRequest={[Function]}
        onStartShouldSetResponder={[Function]}
      >
        <View
          style={
            Object {
              "alignItems": "center",
              "aspectRatio": 1,
              "backgroundColor": "#A0A0A0",
              "borderRadius": 68,
              "display": "flex",
              "height": 44,
              "justifyContent": "center",
            }
          }
          testID="userAvatar-image"
        >
          <View
            style={
              Array [
                Object {
                  "overflow": "hidden",
                },
                Object {
                  "aspectRatio": 1,
                  "height": 24,
                  "width": 32,
                },
              ]
            }
          >
            <FastImageView
              onFastImageLoadEnd={[Function]}
              resizeMode="cover"
              source={
                Object {
                  "testUri": "../../../src/assets/icons/user.png",
                }
              }
              style={
                Object {
                  "bottom": 0,
                  "left": 0,
                  "position": "absolute",
                  "right": 0,
                  "top": 0,
                }
              }
              testID="image"
              tintColor="#FFFFFF"
            />
          </View>
          <View
            style={
              Object {
                "alignItems": "center",
                "bottom": 0,
                "justifyContent": "center",
                "left": 0,
                "opacity": 1,
                "position": "absolute",
                "right": 0,
                "top": 0,
              }
            }
          >
            <View
              style={
                Object {
                  "alignItems": "center",
                  "aspectRatio": 1,
                  "backgroundColor": "#A0A0A0",
                  "borderRadius": 68,
                  "display": "flex",
                  "height": 44,
                  "justifyContent": "center",
                }
              }
            >
              <View
                style={
                  Array [
                    Object {
                      "overflow": "hidden",
                    },
                    Object {
                      "aspectRatio": 1,
                      "height": 24,
                      "width": 32,
                    },
                  ]
                }
              >
                <FastImageView
                  resizeMode="cover"
                  source={
                    Object {
                      "testUri": "../../../src/assets/icons/user.png",
                    }
                  }
                  style={
                    Object {
                      "bottom": 0,
                      "left": 0,
                      "position": "absolute",
                      "right": 0,
                      "top": 0,
                    }
                  }
                  testID="userAvatar-image-loader"
                  tintColor="#FFFFFF"
                />
              </View>
            </View>
          </View>
        </View>
      </View>
    </View>
    <View
      style={
        Object {
          "flex": 1,
          "justifyContent": "center",
          "marginLeft": 10,
          "marginVertical": 2,
        }
      }
    >
      <View
        accessible={true}
        collapsable={false}
        focusable={true}
        onBlur={[Function]}
        onClick={[Function]}
        onFocus={[Function]}
        onResponderGrant={[Function]}
        onResponderMove={[Function]}
        onResponderRelease={[Function]}
        onResponderTerminate={[Function]}
        onResponderTerminationRequest={[Function]}
        onStartShouldSetResponder={[Function]}
      >
        <Text
          style={
            Object {
              "color": "#1F2E4E",
              "flexWrap": "wrap",
              "fontFamily": "NotoSansJP-Bold",
              "fontSize": 14,
              "fontWeight": undefined,
              "letterSpacing": 0,
              "lineHeight": 20,
            }
          }
          testID="pilotName-text"
        >
          <Text>
            A pilot name
          </Text>
        </Text>
      </View>
      <View
        style={
          Object {
            "marginTop": 4,
          }
        }
      >
        <Text
          style={
            Object {
              "color": "#767676",
              "flexWrap": "wrap",
              "fontFamily": "NotoSansJP-Regular",
              "fontSize": 12,
              "fontWeight": undefined,
              "letterSpacing": 0,
              "lineHeight": 16,
            }
          }
          testID="bodyInfo-text"
        >
          4h
          <Text
            style={
              Object {
                "color": "#5B5B5B",
                "fontFamily": "NotoSansJP-Regular",
                "fontSize": 12,
                "fontWeight": undefined,
                "letterSpacing": 0,
                "lineHeight": 16,
              }
            }
            testID="bodySecondaryInfoSeparator-Text"
          >
              •  
          </Text>
          4h
        </Text>
      </View>
    </View>
  </View>
</View>
`;

exports[`HeaderView with body info, secondary info, tertiary info and quaternary info renders the component correctly 1`] = `
<View
  style={
    Object {
      "flexDirection": "row",
      "minHeight": 44,
    }
  }
  testID="testing-headerView-component"
>
  <View
    style={
      Object {
        "flex": 1,
        "flexDirection": "row",
        "minHeight": 44,
      }
    }
  >
    <View
      style={
        Object {
          "alignSelf": "center",
          "aspectRatio": 1,
          "backgroundColor": "#A0A0A0",
          "borderRadius": 22,
          "height": 44,
        }
      }
    >
      <View
        accessible={true}
        collapsable={false}
        focusable={true}
        onBlur={[Function]}
        onClick={[Function]}
        onFocus={[Function]}
        onResponderGrant={[Function]}
        onResponderMove={[Function]}
        onResponderRelease={[Function]}
        onResponderTerminate={[Function]}
        onResponderTerminationRequest={[Function]}
        onStartShouldSetResponder={[Function]}
      >
        <View
          style={
            Object {
              "alignItems": "center",
              "aspectRatio": 1,
              "backgroundColor": "#A0A0A0",
              "borderRadius": 68,
              "display": "flex",
              "height": 44,
              "justifyContent": "center",
            }
          }
          testID="userAvatar-image"
        >
          <View
            style={
              Array [
                Object {
                  "overflow": "hidden",
                },
                Object {
                  "aspectRatio": 1,
                  "height": 24,
                  "width": 32,
                },
              ]
            }
          >
            <FastImageView
              onFastImageLoadEnd={[Function]}
              resizeMode="cover"
              source={
                Object {
                  "testUri": "../../../src/assets/icons/user.png",
                }
              }
              style={
                Object {
                  "bottom": 0,
                  "left": 0,
                  "position": "absolute",
                  "right": 0,
                  "top": 0,
                }
              }
              testID="image"
              tintColor="#FFFFFF"
            />
          </View>
          <View
            style={
              Object {
                "alignItems": "center",
                "bottom": 0,
                "justifyContent": "center",
                "left": 0,
                "opacity": 1,
                "position": "absolute",
                "right": 0,
                "top": 0,
              }
            }
          >
            <View
              style={
                Object {
                  "alignItems": "center",
                  "aspectRatio": 1,
                  "backgroundColor": "#A0A0A0",
                  "borderRadius": 68,
                  "display": "flex",
                  "height": 44,
                  "justifyContent": "center",
                }
              }
            >
              <View
                style={
                  Array [
                    Object {
                      "overflow": "hidden",
                    },
                    Object {
                      "aspectRatio": 1,
                      "height": 24,
                      "width": 32,
                    },
                  ]
                }
              >
                <FastImageView
                  resizeMode="cover"
                  source={
                    Object {
                      "testUri": "../../../src/assets/icons/user.png",
                    }
                  }
                  style={
                    Object {
                      "bottom": 0,
                      "left": 0,
                      "position": "absolute",
                      "right": 0,
                      "top": 0,
                    }
                  }
                  testID="userAvatar-image-loader"
                  tintColor="#FFFFFF"
                />
              </View>
            </View>
          </View>
        </View>
      </View>
    </View>
    <View
      style={
        Object {
          "flex": 1,
          "justifyContent": "center",
          "marginLeft": 10,
          "marginVertical": 2,
        }
      }
    >
      <View
        accessible={true}
        collapsable={false}
        focusable={true}
        onBlur={[Function]}
        onClick={[Function]}
        onFocus={[Function]}
        onResponderGrant={[Function]}
        onResponderMove={[Function]}
        onResponderRelease={[Function]}
        onResponderTerminate={[Function]}
        onResponderTerminationRequest={[Function]}
        onStartShouldSetResponder={[Function]}
      >
        <Text
          style={
            Object {
              "color": "#1F2E4E",
              "flexWrap": "wrap",
              "fontFamily": "NotoSansJP-Bold",
              "fontSize": 14,
              "fontWeight": undefined,
              "letterSpacing": 0,
              "lineHeight": 20,
            }
          }
          testID="pilotName-text"
        >
          <Text>
            A pilot name
          </Text>
        </Text>
      </View>
      <View
        style={
          Object {
            "marginTop": 4,
          }
        }
      >
        <Text
          style={
            Object {
              "color": "#767676",
              "flexWrap": "wrap",
              "fontFamily": "NotoSansJP-Regular",
              "fontSize": 12,
              "fontWeight": undefined,
              "letterSpacing": 0,
              "lineHeight": 16,
            }
          }
          testID="bodyInfo-text"
        >
          4h
          <Text
            style={
              Object {
                "color": "#5B5B5B",
                "fontFamily": "NotoSansJP-Regular",
                "fontSize": 12,
                "fontWeight": undefined,
                "letterSpacing": 0,
                "lineHeight": 16,
              }
            }
            testID="bodySecondaryInfoSeparator-Text"
          >
              •  
          </Text>
          4h
          <Text
            style={
              Object {
                "color": "#5B5B5B",
                "fontFamily": "NotoSansJP-Regular",
                "fontSize": 12,
                "fontWeight": undefined,
                "letterSpacing": 0,
                "lineHeight": 16,
              }
            }
            testID="bodyTertiaryInfoSeparator-Text"
          >
              •  
          </Text>
          4h
        </Text>
        <Text
          numberOfLines={1}
          style={
            Object {
              "color": "#12A3BE",
              "flexWrap": "wrap",
              "fontFamily": "NotoSansJP-Black",
              "fontSize": 10,
              "fontWeight": undefined,
              "letterSpacing": 0,
              "lineHeight": 16,
              "marginTop": 4,
            }
          }
          testID="QuaternaryInfo-text"
        >
          4h
        </Text>
      </View>
    </View>
  </View>
</View>
`;

exports[`HeaderView with only body info renders the component correctly 1`] = `
<View
  style={
    Object {
      "flexDirection": "row",
      "minHeight": 44,
    }
  }
  testID="testing-headerView-component"
>
  <View
    style={
      Object {
        "flex": 1,
        "flexDirection": "row",
        "minHeight": 44,
      }
    }
  >
    <View
      style={
        Object {
          "alignSelf": "center",
          "aspectRatio": 1,
          "backgroundColor": "#A0A0A0",
          "borderRadius": 22,
          "height": 44,
        }
      }
    >
      <View
        accessible={true}
        collapsable={false}
        focusable={true}
        onBlur={[Function]}
        onClick={[Function]}
        onFocus={[Function]}
        onResponderGrant={[Function]}
        onResponderMove={[Function]}
        onResponderRelease={[Function]}
        onResponderTerminate={[Function]}
        onResponderTerminationRequest={[Function]}
        onStartShouldSetResponder={[Function]}
      >
        <View
          style={
            Object {
              "alignItems": "center",
              "aspectRatio": 1,
              "backgroundColor": "#A0A0A0",
              "borderRadius": 68,
              "display": "flex",
              "height": 44,
              "justifyContent": "center",
            }
          }
          testID="userAvatar-image"
        >
          <View
            style={
              Array [
                Object {
                  "overflow": "hidden",
                },
                Object {
                  "aspectRatio": 1,
                  "height": 24,
                  "width": 32,
                },
              ]
            }
          >
            <FastImageView
              onFastImageLoadEnd={[Function]}
              resizeMode="cover"
              source={
                Object {
                  "testUri": "../../../src/assets/icons/user.png",
                }
              }
              style={
                Object {
                  "bottom": 0,
                  "left": 0,
                  "position": "absolute",
                  "right": 0,
                  "top": 0,
                }
              }
              testID="image"
              tintColor="#FFFFFF"
            />
          </View>
          <View
            style={
              Object {
                "alignItems": "center",
                "bottom": 0,
                "justifyContent": "center",
                "left": 0,
                "opacity": 1,
                "position": "absolute",
                "right": 0,
                "top": 0,
              }
            }
          >
            <View
              style={
                Object {
                  "alignItems": "center",
                  "aspectRatio": 1,
                  "backgroundColor": "#A0A0A0",
                  "borderRadius": 68,
                  "display": "flex",
                  "height": 44,
                  "justifyContent": "center",
                }
              }
            >
              <View
                style={
                  Array [
                    Object {
                      "overflow": "hidden",
                    },
                    Object {
                      "aspectRatio": 1,
                      "height": 24,
                      "width": 32,
                    },
                  ]
                }
              >
                <FastImageView
                  resizeMode="cover"
                  source={
                    Object {
                      "testUri": "../../../src/assets/icons/user.png",
                    }
                  }
                  style={
                    Object {
                      "bottom": 0,
                      "left": 0,
                      "position": "absolute",
                      "right": 0,
                      "top": 0,
                    }
                  }
                  testID="userAvatar-image-loader"
                  tintColor="#FFFFFF"
                />
              </View>
            </View>
          </View>
        </View>
      </View>
    </View>
    <View
      style={
        Object {
          "flex": 1,
          "justifyContent": "center",
          "marginLeft": 10,
          "marginVertical": 2,
        }
      }
    >
      <View
        accessible={true}
        collapsable={false}
        focusable={true}
        onBlur={[Function]}
        onClick={[Function]}
        onFocus={[Function]}
        onResponderGrant={[Function]}
        onResponderMove={[Function]}
        onResponderRelease={[Function]}
        onResponderTerminate={[Function]}
        onResponderTerminationRequest={[Function]}
        onStartShouldSetResponder={[Function]}
      >
        <Text
          style={
            Object {
              "color": "#1F2E4E",
              "flexWrap": "wrap",
              "fontFamily": "NotoSansJP-Bold",
              "fontSize": 14,
              "fontWeight": undefined,
              "letterSpacing": 0,
              "lineHeight": 20,
            }
          }
          testID="pilotName-text"
        >
          <Text>
            A pilot name
          </Text>
        </Text>
      </View>
      <View
        style={
          Object {
            "marginTop": 4,
          }
        }
      >
        <Text
          style={
            Object {
              "color": "#767676",
              "flexWrap": "wrap",
              "fontFamily": "NotoSansJP-Regular",
              "fontSize": 12,
              "fontWeight": undefined,
              "letterSpacing": 0,
              "lineHeight": 16,
            }
          }
          testID="bodyInfo-text"
        >
          4h
        </Text>
      </View>
    </View>
  </View>
</View>
`;

exports[`HeaderView with only body secondary info renders the component correctly 1`] = `
<View
  style={
    Object {
      "flexDirection": "row",
      "minHeight": 44,
    }
  }
  testID="testing-headerView-component"
>
  <View
    style={
      Object {
        "flex": 1,
        "flexDirection": "row",
        "minHeight": 44,
      }
    }
  >
    <View
      style={
        Object {
          "alignSelf": "center",
          "aspectRatio": 1,
          "backgroundColor": "#A0A0A0",
          "borderRadius": 22,
          "height": 44,
        }
      }
    >
      <View
        accessible={true}
        collapsable={false}
        focusable={true}
        onBlur={[Function]}
        onClick={[Function]}
        onFocus={[Function]}
        onResponderGrant={[Function]}
        onResponderMove={[Function]}
        onResponderRelease={[Function]}
        onResponderTerminate={[Function]}
        onResponderTerminationRequest={[Function]}
        onStartShouldSetResponder={[Function]}
      >
        <View
          style={
            Object {
              "alignItems": "center",
              "aspectRatio": 1,
              "backgroundColor": "#A0A0A0",
              "borderRadius": 68,
              "display": "flex",
              "height": 44,
              "justifyContent": "center",
            }
          }
          testID="userAvatar-image"
        >
          <View
            style={
              Array [
                Object {
                  "overflow": "hidden",
                },
                Object {
                  "aspectRatio": 1,
                  "height": 24,
                  "width": 32,
                },
              ]
            }
          >
            <FastImageView
              onFastImageLoadEnd={[Function]}
              resizeMode="cover"
              source={
                Object {
                  "testUri": "../../../src/assets/icons/user.png",
                }
              }
              style={
                Object {
                  "bottom": 0,
                  "left": 0,
                  "position": "absolute",
                  "right": 0,
                  "top": 0,
                }
              }
              testID="image"
              tintColor="#FFFFFF"
            />
          </View>
          <View
            style={
              Object {
                "alignItems": "center",
                "bottom": 0,
                "justifyContent": "center",
                "left": 0,
                "opacity": 1,
                "position": "absolute",
                "right": 0,
                "top": 0,
              }
            }
          >
            <View
              style={
                Object {
                  "alignItems": "center",
                  "aspectRatio": 1,
                  "backgroundColor": "#A0A0A0",
                  "borderRadius": 68,
                  "display": "flex",
                  "height": 44,
                  "justifyContent": "center",
                }
              }
            >
              <View
                style={
                  Array [
                    Object {
                      "overflow": "hidden",
                    },
                    Object {
                      "aspectRatio": 1,
                      "height": 24,
                      "width": 32,
                    },
                  ]
                }
              >
                <FastImageView
                  resizeMode="cover"
                  source={
                    Object {
                      "testUri": "../../../src/assets/icons/user.png",
                    }
                  }
                  style={
                    Object {
                      "bottom": 0,
                      "left": 0,
                      "position": "absolute",
                      "right": 0,
                      "top": 0,
                    }
                  }
                  testID="userAvatar-image-loader"
                  tintColor="#FFFFFF"
                />
              </View>
            </View>
          </View>
        </View>
      </View>
    </View>
    <View
      style={
        Object {
          "flex": 1,
          "justifyContent": "center",
          "marginLeft": 10,
          "marginVertical": 2,
        }
      }
    >
      <View
        accessible={true}
        collapsable={false}
        focusable={true}
        onBlur={[Function]}
        onClick={[Function]}
        onFocus={[Function]}
        onResponderGrant={[Function]}
        onResponderMove={[Function]}
        onResponderRelease={[Function]}
        onResponderTerminate={[Function]}
        onResponderTerminationRequest={[Function]}
        onStartShouldSetResponder={[Function]}
      >
        <Text
          style={
            Object {
              "color": "#1F2E4E",
              "flexWrap": "wrap",
              "fontFamily": "NotoSansJP-Bold",
              "fontSize": 14,
              "fontWeight": undefined,
              "letterSpacing": 0,
              "lineHeight": 20,
            }
          }
          testID="pilotName-text"
        >
          <Text>
            A pilot name
          </Text>
        </Text>
      </View>
      <View
        style={
          Object {
            "marginTop": 4,
          }
        }
      >
        <Text
          style={
            Object {
              "color": "#767676",
              "flexWrap": "wrap",
              "fontFamily": "NotoSansJP-Regular",
              "fontSize": 12,
              "fontWeight": undefined,
              "letterSpacing": 0,
              "lineHeight": 16,
            }
          }
          testID="bodyInfo-text"
        >
          4h
        </Text>
      </View>
    </View>
  </View>
</View>
`;

exports[`HeaderView with options on press renders the options icon 1`] = `
<View
  style={
    Object {
      "flexDirection": "row",
      "minHeight": 44,
    }
  }
  testID="testing-headerView-component"
>
  <View
    style={
      Object {
        "flex": 1,
        "flexDirection": "row",
        "minHeight": 44,
      }
    }
  >
    <View
      style={
        Object {
          "alignSelf": "center",
          "aspectRatio": 1,
          "backgroundColor": "#A0A0A0",
          "borderRadius": 22,
          "height": 44,
        }
      }
    >
      <View
        accessible={true}
        collapsable={false}
        focusable={true}
        onBlur={[Function]}
        onClick={[Function]}
        onFocus={[Function]}
        onResponderGrant={[Function]}
        onResponderMove={[Function]}
        onResponderRelease={[Function]}
        onResponderTerminate={[Function]}
        onResponderTerminationRequest={[Function]}
        onStartShouldSetResponder={[Function]}
      >
        <View
          style={
            Object {
              "alignItems": "center",
              "aspectRatio": 1,
              "backgroundColor": "#A0A0A0",
              "borderRadius": 68,
              "display": "flex",
              "height": 44,
              "justifyContent": "center",
            }
          }
          testID="userAvatar-image"
        >
          <View
            style={
              Array [
                Object {
                  "overflow": "hidden",
                },
                Object {
                  "aspectRatio": 1,
                  "height": 24,
                  "width": 32,
                },
              ]
            }
          >
            <FastImageView
              onFastImageLoadEnd={[Function]}
              resizeMode="cover"
              source={
                Object {
                  "testUri": "../../../src/assets/icons/user.png",
                }
              }
              style={
                Object {
                  "bottom": 0,
                  "left": 0,
                  "position": "absolute",
                  "right": 0,
                  "top": 0,
                }
              }
              testID="image"
              tintColor="#FFFFFF"
            />
          </View>
          <View
            style={
              Object {
                "alignItems": "center",
                "bottom": 0,
                "justifyContent": "center",
                "left": 0,
                "opacity": 1,
                "position": "absolute",
                "right": 0,
                "top": 0,
              }
            }
          >
            <View
              style={
                Object {
                  "alignItems": "center",
                  "aspectRatio": 1,
                  "backgroundColor": "#A0A0A0",
                  "borderRadius": 68,
                  "display": "flex",
                  "height": 44,
                  "justifyContent": "center",
                }
              }
            >
              <View
                style={
                  Array [
                    Object {
                      "overflow": "hidden",
                    },
                    Object {
                      "aspectRatio": 1,
                      "height": 24,
                      "width": 32,
                    },
                  ]
                }
              >
                <FastImageView
                  resizeMode="cover"
                  source={
                    Object {
                      "testUri": "../../../src/assets/icons/user.png",
                    }
                  }
                  style={
                    Object {
                      "bottom": 0,
                      "left": 0,
                      "position": "absolute",
                      "right": 0,
                      "top": 0,
                    }
                  }
                  testID="userAvatar-image-loader"
                  tintColor="#FFFFFF"
                />
              </View>
            </View>
          </View>
        </View>
      </View>
    </View>
    <View
      style={
        Object {
          "flex": 1,
          "justifyContent": "center",
          "marginLeft": 10,
          "marginVertical": 2,
        }
      }
    >
      <View
        accessible={true}
        collapsable={false}
        focusable={true}
        onBlur={[Function]}
        onClick={[Function]}
        onFocus={[Function]}
        onResponderGrant={[Function]}
        onResponderMove={[Function]}
        onResponderRelease={[Function]}
        onResponderTerminate={[Function]}
        onResponderTerminationRequest={[Function]}
        onStartShouldSetResponder={[Function]}
      >
        <Text
          style={
            Object {
              "color": "#1F2E4E",
              "flexWrap": "wrap",
              "fontFamily": "NotoSansJP-Bold",
              "fontSize": 14,
              "fontWeight": undefined,
              "letterSpacing": 0,
              "lineHeight": 20,
            }
          }
          testID="pilotName-text"
        >
          <Text>
            A pilot name
          </Text>
        </Text>
      </View>
      <View
        style={
          Object {
            "marginTop": 4,
          }
        }
      >
        <Text
          style={
            Object {
              "color": "#767676",
              "flexWrap": "wrap",
              "fontFamily": "NotoSansJP-Regular",
              "fontSize": 12,
              "fontWeight": undefined,
              "letterSpacing": 0,
              "lineHeight": 16,
            }
          }
          testID="bodyInfo-text"
        >
          4h
        </Text>
      </View>
    </View>
    <View
      accessible={true}
      collapsable={false}
      focusable={true}
      onBlur={[Function]}
      onClick={[Function]}
      onFocus={[Function]}
      onResponderGrant={[Function]}
      onResponderMove={[Function]}
      onResponderRelease={[Function]}
      onResponderTerminate={[Function]}
      onResponderTerminationRequest={[Function]}
      onStartShouldSetResponder={[Function]}
    >
      <Image
        source={
          Object {
            "testUri": "../../../src/assets/icons/meatballsMenu.png",
          }
        }
        style={
          Object {
            "height": 20,
            "marginTop": 1,
            "width": 20,
          }
        }
        testID="options-image"
      />
    </View>
  </View>
</View>
`;

exports[`HeaderView without a star next to the pilot name doesn't render the star icon 1`] = `
<View
  style={
    Object {
      "flexDirection": "row",
      "minHeight": 44,
    }
  }
  testID="testing-headerView-component"
>
  <View
    style={
      Object {
        "flex": 1,
        "flexDirection": "row",
        "minHeight": 44,
      }
    }
  >
    <View
      style={
        Object {
          "alignSelf": "center",
          "aspectRatio": 1,
          "backgroundColor": "#A0A0A0",
          "borderRadius": 22,
          "height": 44,
        }
      }
    >
      <View
        accessible={true}
        collapsable={false}
        focusable={true}
        onBlur={[Function]}
        onClick={[Function]}
        onFocus={[Function]}
        onResponderGrant={[Function]}
        onResponderMove={[Function]}
        onResponderRelease={[Function]}
        onResponderTerminate={[Function]}
        onResponderTerminationRequest={[Function]}
        onStartShouldSetResponder={[Function]}
      >
        <View
          style={
            Object {
              "alignItems": "center",
              "aspectRatio": 1,
              "backgroundColor": "#A0A0A0",
              "borderRadius": 68,
              "display": "flex",
              "height": 44,
              "justifyContent": "center",
            }
          }
          testID="userAvatar-image"
        >
          <View
            style={
              Array [
                Object {
                  "overflow": "hidden",
                },
                Object {
                  "aspectRatio": 1,
                  "height": 24,
                  "width": 32,
                },
              ]
            }
          >
            <FastImageView
              onFastImageLoadEnd={[Function]}
              resizeMode="cover"
              source={
                Object {
                  "testUri": "../../../src/assets/icons/user.png",
                }
              }
              style={
                Object {
                  "bottom": 0,
                  "left": 0,
                  "position": "absolute",
                  "right": 0,
                  "top": 0,
                }
              }
              testID="image"
              tintColor="#FFFFFF"
            />
          </View>
          <View
            style={
              Object {
                "alignItems": "center",
                "bottom": 0,
                "justifyContent": "center",
                "left": 0,
                "opacity": 1,
                "position": "absolute",
                "right": 0,
                "top": 0,
              }
            }
          >
            <View
              style={
                Object {
                  "alignItems": "center",
                  "aspectRatio": 1,
                  "backgroundColor": "#A0A0A0",
                  "borderRadius": 68,
                  "display": "flex",
                  "height": 44,
                  "justifyContent": "center",
                }
              }
            >
              <View
                style={
                  Array [
                    Object {
                      "overflow": "hidden",
                    },
                    Object {
                      "aspectRatio": 1,
                      "height": 24,
                      "width": 32,
                    },
                  ]
                }
              >
                <FastImageView
                  resizeMode="cover"
                  source={
                    Object {
                      "testUri": "../../../src/assets/icons/user.png",
                    }
                  }
                  style={
                    Object {
                      "bottom": 0,
                      "left": 0,
                      "position": "absolute",
                      "right": 0,
                      "top": 0,
                    }
                  }
                  testID="userAvatar-image-loader"
                  tintColor="#FFFFFF"
                />
              </View>
            </View>
          </View>
        </View>
      </View>
    </View>
    <View
      style={
        Object {
          "flex": 1,
          "justifyContent": "center",
          "marginLeft": 10,
          "marginVertical": 2,
        }
      }
    >
      <View
        accessible={true}
        collapsable={false}
        focusable={true}
        onBlur={[Function]}
        onClick={[Function]}
        onFocus={[Function]}
        onResponderGrant={[Function]}
        onResponderMove={[Function]}
        onResponderRelease={[Function]}
        onResponderTerminate={[Function]}
        onResponderTerminationRequest={[Function]}
        onStartShouldSetResponder={[Function]}
      >
        <Text
          style={
            Object {
              "color": "#1F2E4E",
              "flexWrap": "wrap",
              "fontFamily": "NotoSansJP-Bold",
              "fontSize": 14,
              "fontWeight": undefined,
              "letterSpacing": 0,
              "lineHeight": 20,
            }
          }
          testID="pilotName-text"
        >
          <Text>
            A pilot name
          </Text>
        </Text>
      </View>
      <View
        style={
          Object {
            "marginTop": 4,
          }
        }
      >
        <Text
          style={
            Object {
              "color": "#767676",
              "flexWrap": "wrap",
              "fontFamily": "NotoSansJP-Regular",
              "fontSize": 12,
              "fontWeight": undefined,
              "letterSpacing": 0,
              "lineHeight": 16,
            }
          }
          testID="bodyInfo-text"
        >
          4h
        </Text>
      </View>
    </View>
  </View>
</View>
`;

exports[`HeaderView without a titleExtraInfo doesn't render the title extra info 1`] = `
<View
  style={
    Object {
      "flexDirection": "row",
      "minHeight": 44,
    }
  }
  testID="testing-headerView-component"
>
  <View
    style={
      Object {
        "flex": 1,
        "flexDirection": "row",
        "minHeight": 44,
      }
    }
  >
    <View
      style={
        Object {
          "alignSelf": "center",
          "aspectRatio": 1,
          "backgroundColor": "#A0A0A0",
          "borderRadius": 22,
          "height": 44,
        }
      }
    >
      <View
        accessible={true}
        collapsable={false}
        focusable={true}
        onBlur={[Function]}
        onClick={[Function]}
        onFocus={[Function]}
        onResponderGrant={[Function]}
        onResponderMove={[Function]}
        onResponderRelease={[Function]}
        onResponderTerminate={[Function]}
        onResponderTerminationRequest={[Function]}
        onStartShouldSetResponder={[Function]}
      >
        <View
          style={
            Object {
              "alignItems": "center",
              "aspectRatio": 1,
              "backgroundColor": "#A0A0A0",
              "borderRadius": 68,
              "display": "flex",
              "height": 44,
              "justifyContent": "center",
            }
          }
          testID="userAvatar-image"
        >
          <View
            style={
              Array [
                Object {
                  "overflow": "hidden",
                },
                Object {
                  "aspectRatio": 1,
                  "height": 24,
                  "width": 32,
                },
              ]
            }
          >
            <FastImageView
              onFastImageLoadEnd={[Function]}
              resizeMode="cover"
              source={
                Object {
                  "testUri": "../../../src/assets/icons/user.png",
                }
              }
              style={
                Object {
                  "bottom": 0,
                  "left": 0,
                  "position": "absolute",
                  "right": 0,
                  "top": 0,
                }
              }
              testID="image"
              tintColor="#FFFFFF"
            />
          </View>
          <View
            style={
              Object {
                "alignItems": "center",
                "bottom": 0,
                "justifyContent": "center",
                "left": 0,
                "opacity": 1,
                "position": "absolute",
                "right": 0,
                "top": 0,
              }
            }
          >
            <View
              style={
                Object {
                  "alignItems": "center",
                  "aspectRatio": 1,
                  "backgroundColor": "#A0A0A0",
                  "borderRadius": 68,
                  "display": "flex",
                  "height": 44,
                  "justifyContent": "center",
                }
              }
            >
              <View
                style={
                  Array [
                    Object {
                      "overflow": "hidden",
                    },
                    Object {
                      "aspectRatio": 1,
                      "height": 24,
                      "width": 32,
                    },
                  ]
                }
              >
                <FastImageView
                  resizeMode="cover"
                  source={
                    Object {
                      "testUri": "../../../src/assets/icons/user.png",
                    }
                  }
                  style={
                    Object {
                      "bottom": 0,
                      "left": 0,
                      "position": "absolute",
                      "right": 0,
                      "top": 0,
                    }
                  }
                  testID="userAvatar-image-loader"
                  tintColor="#FFFFFF"
                />
              </View>
            </View>
          </View>
        </View>
      </View>
    </View>
    <View
      style={
        Object {
          "flex": 1,
          "justifyContent": "center",
          "marginLeft": 10,
          "marginVertical": 2,
        }
      }
    >
      <View
        accessible={true}
        collapsable={false}
        focusable={true}
        onBlur={[Function]}
        onClick={[Function]}
        onFocus={[Function]}
        onResponderGrant={[Function]}
        onResponderMove={[Function]}
        onResponderRelease={[Function]}
        onResponderTerminate={[Function]}
        onResponderTerminationRequest={[Function]}
        onStartShouldSetResponder={[Function]}
      >
        <Text
          style={
            Object {
              "color": "#1F2E4E",
              "flexWrap": "wrap",
              "fontFamily": "NotoSansJP-Bold",
              "fontSize": 14,
              "fontWeight": undefined,
              "letterSpacing": 0,
              "lineHeight": 20,
            }
          }
          testID="pilotName-text"
        >
          <Text>
            A pilot name
          </Text>
        </Text>
      </View>
      <View
        style={
          Object {
            "marginTop": 4,
          }
        }
      >
        <Text
          style={
            Object {
              "color": "#767676",
              "flexWrap": "wrap",
              "fontFamily": "NotoSansJP-Regular",
              "fontSize": 12,
              "fontWeight": undefined,
              "letterSpacing": 0,
              "lineHeight": 16,
            }
          }
          testID="bodyInfo-text"
        >
          4h
        </Text>
      </View>
    </View>
  </View>
</View>
`;

exports[`HeaderView without a titleInfo doesn't render the title info 1`] = `
<View
  style={
    Object {
      "flexDirection": "row",
      "minHeight": 44,
    }
  }
  testID="testing-headerView-component"
>
  <View
    style={
      Object {
        "flex": 1,
        "flexDirection": "row",
        "minHeight": 44,
      }
    }
  >
    <View
      style={
        Object {
          "alignSelf": "center",
          "aspectRatio": 1,
          "backgroundColor": "#A0A0A0",
          "borderRadius": 22,
          "height": 44,
        }
      }
    >
      <View
        accessible={true}
        collapsable={false}
        focusable={true}
        onBlur={[Function]}
        onClick={[Function]}
        onFocus={[Function]}
        onResponderGrant={[Function]}
        onResponderMove={[Function]}
        onResponderRelease={[Function]}
        onResponderTerminate={[Function]}
        onResponderTerminationRequest={[Function]}
        onStartShouldSetResponder={[Function]}
      >
        <View
          style={
            Object {
              "alignItems": "center",
              "aspectRatio": 1,
              "backgroundColor": "#A0A0A0",
              "borderRadius": 68,
              "display": "flex",
              "height": 44,
              "justifyContent": "center",
            }
          }
          testID="userAvatar-image"
        >
          <View
            style={
              Array [
                Object {
                  "overflow": "hidden",
                },
                Object {
                  "aspectRatio": 1,
                  "height": 24,
                  "width": 32,
                },
              ]
            }
          >
            <FastImageView
              onFastImageLoadEnd={[Function]}
              resizeMode="cover"
              source={
                Object {
                  "testUri": "../../../src/assets/icons/user.png",
                }
              }
              style={
                Object {
                  "bottom": 0,
                  "left": 0,
                  "position": "absolute",
                  "right": 0,
                  "top": 0,
                }
              }
              testID="image"
              tintColor="#FFFFFF"
            />
          </View>
          <View
            style={
              Object {
                "alignItems": "center",
                "bottom": 0,
                "justifyContent": "center",
                "left": 0,
                "opacity": 1,
                "position": "absolute",
                "right": 0,
                "top": 0,
              }
            }
          >
            <View
              style={
                Object {
                  "alignItems": "center",
                  "aspectRatio": 1,
                  "backgroundColor": "#A0A0A0",
                  "borderRadius": 68,
                  "display": "flex",
                  "height": 44,
                  "justifyContent": "center",
                }
              }
            >
              <View
                style={
                  Array [
                    Object {
                      "overflow": "hidden",
                    },
                    Object {
                      "aspectRatio": 1,
                      "height": 24,
                      "width": 32,
                    },
                  ]
                }
              >
                <FastImageView
                  resizeMode="cover"
                  source={
                    Object {
                      "testUri": "../../../src/assets/icons/user.png",
                    }
                  }
                  style={
                    Object {
                      "bottom": 0,
                      "left": 0,
                      "position": "absolute",
                      "right": 0,
                      "top": 0,
                    }
                  }
                  testID="userAvatar-image-loader"
                  tintColor="#FFFFFF"
                />
              </View>
            </View>
          </View>
        </View>
      </View>
    </View>
    <View
      style={
        Object {
          "flex": 1,
          "justifyContent": "center",
          "marginLeft": 10,
          "marginVertical": 2,
        }
      }
    >
      <View
        accessible={true}
        collapsable={false}
        focusable={true}
        onBlur={[Function]}
        onClick={[Function]}
        onFocus={[Function]}
        onResponderGrant={[Function]}
        onResponderMove={[Function]}
        onResponderRelease={[Function]}
        onResponderTerminate={[Function]}
        onResponderTerminationRequest={[Function]}
        onStartShouldSetResponder={[Function]}
      >
        <Text
          style={
            Object {
              "color": "#1F2E4E",
              "flexWrap": "wrap",
              "fontFamily": "NotoSansJP-Bold",
              "fontSize": 14,
              "fontWeight": undefined,
              "letterSpacing": 0,
              "lineHeight": 20,
            }
          }
          testID="pilotName-text"
        >
          <Text>
            A pilot name
          </Text>
        </Text>
      </View>
      <View
        style={
          Object {
            "marginTop": 4,
          }
        }
      >
        <Text
          style={
            Object {
              "color": "#767676",
              "flexWrap": "wrap",
              "fontFamily": "NotoSansJP-Regular",
              "fontSize": 12,
              "fontWeight": undefined,
              "letterSpacing": 0,
              "lineHeight": 16,
            }
          }
          testID="bodyInfo-text"
        >
          4h
        </Text>
      </View>
    </View>
  </View>
</View>
`;

exports[`HeaderView without body info, body secondary info, body tertiary info or body quaternary info renders the component correctly 1`] = `
<View
  style={
    Object {
      "flexDirection": "row",
      "minHeight": 44,
    }
  }
  testID="testing-headerView-component"
>
  <View
    style={
      Object {
        "flex": 1,
        "flexDirection": "row",
        "minHeight": 44,
      }
    }
  >
    <View
      style={
        Object {
          "alignSelf": "center",
          "aspectRatio": 1,
          "backgroundColor": "#A0A0A0",
          "borderRadius": 22,
          "height": 44,
        }
      }
    >
      <View
        accessible={true}
        collapsable={false}
        focusable={true}
        onBlur={[Function]}
        onClick={[Function]}
        onFocus={[Function]}
        onResponderGrant={[Function]}
        onResponderMove={[Function]}
        onResponderRelease={[Function]}
        onResponderTerminate={[Function]}
        onResponderTerminationRequest={[Function]}
        onStartShouldSetResponder={[Function]}
      >
        <View
          style={
            Object {
              "alignItems": "center",
              "aspectRatio": 1,
              "backgroundColor": "#A0A0A0",
              "borderRadius": 68,
              "display": "flex",
              "height": 44,
              "justifyContent": "center",
            }
          }
          testID="userAvatar-image"
        >
          <View
            style={
              Array [
                Object {
                  "overflow": "hidden",
                },
                Object {
                  "aspectRatio": 1,
                  "height": 24,
                  "width": 32,
                },
              ]
            }
          >
            <FastImageView
              onFastImageLoadEnd={[Function]}
              resizeMode="cover"
              source={
                Object {
                  "testUri": "../../../src/assets/icons/user.png",
                }
              }
              style={
                Object {
                  "bottom": 0,
                  "left": 0,
                  "position": "absolute",
                  "right": 0,
                  "top": 0,
                }
              }
              testID="image"
              tintColor="#FFFFFF"
            />
          </View>
          <View
            style={
              Object {
                "alignItems": "center",
                "bottom": 0,
                "justifyContent": "center",
                "left": 0,
                "opacity": 1,
                "position": "absolute",
                "right": 0,
                "top": 0,
              }
            }
          >
            <View
              style={
                Object {
                  "alignItems": "center",
                  "aspectRatio": 1,
                  "backgroundColor": "#A0A0A0",
                  "borderRadius": 68,
                  "display": "flex",
                  "height": 44,
                  "justifyContent": "center",
                }
              }
            >
              <View
                style={
                  Array [
                    Object {
                      "overflow": "hidden",
                    },
                    Object {
                      "aspectRatio": 1,
                      "height": 24,
                      "width": 32,
                    },
                  ]
                }
              >
                <FastImageView
                  resizeMode="cover"
                  source={
                    Object {
                      "testUri": "../../../src/assets/icons/user.png",
                    }
                  }
                  style={
                    Object {
                      "bottom": 0,
                      "left": 0,
                      "position": "absolute",
                      "right": 0,
                      "top": 0,
                    }
                  }
                  testID="userAvatar-image-loader"
                  tintColor="#FFFFFF"
                />
              </View>
            </View>
          </View>
        </View>
      </View>
    </View>
    <View
      style={
        Object {
          "flex": 1,
          "justifyContent": "center",
          "marginLeft": 10,
          "marginVertical": 2,
        }
      }
    >
      <View
        accessible={true}
        collapsable={false}
        focusable={true}
        onBlur={[Function]}
        onClick={[Function]}
        onFocus={[Function]}
        onResponderGrant={[Function]}
        onResponderMove={[Function]}
        onResponderRelease={[Function]}
        onResponderTerminate={[Function]}
        onResponderTerminationRequest={[Function]}
        onStartShouldSetResponder={[Function]}
      >
        <Text
          style={
            Object {
              "color": "#1F2E4E",
              "flexWrap": "wrap",
              "fontFamily": "NotoSansJP-Bold",
              "fontSize": 14,
              "fontWeight": undefined,
              "letterSpacing": 0,
              "lineHeight": 20,
            }
          }
          testID="pilotName-text"
        >
          <Text>
            A pilot name
          </Text>
        </Text>
      </View>
      <View
        style={
          Object {
            "height": 0,
            "marginTop": 0,
          }
        }
      >
        <Text
          style={
            Object {
              "color": "#767676",
              "flexWrap": "wrap",
              "fontFamily": "NotoSansJP-Regular",
              "fontSize": 12,
              "fontWeight": undefined,
              "letterSpacing": 0,
              "lineHeight": 16,
            }
          }
          testID="bodyInfo-text"
        />
      </View>
    </View>
  </View>
</View>
`;

exports[`HeaderView without options on press doesn't render the options icon 1`] = `
<View
  style={
    Object {
      "flexDirection": "row",
      "minHeight": 44,
    }
  }
  testID="testing-headerView-component"
>
  <View
    style={
      Object {
        "flex": 1,
        "flexDirection": "row",
        "minHeight": 44,
      }
    }
  >
    <View
      style={
        Object {
          "alignSelf": "center",
          "aspectRatio": 1,
          "backgroundColor": "#A0A0A0",
          "borderRadius": 22,
          "height": 44,
        }
      }
    >
      <View
        accessible={true}
        collapsable={false}
        focusable={true}
        onBlur={[Function]}
        onClick={[Function]}
        onFocus={[Function]}
        onResponderGrant={[Function]}
        onResponderMove={[Function]}
        onResponderRelease={[Function]}
        onResponderTerminate={[Function]}
        onResponderTerminationRequest={[Function]}
        onStartShouldSetResponder={[Function]}
      >
        <View
          style={
            Object {
              "alignItems": "center",
              "aspectRatio": 1,
              "backgroundColor": "#A0A0A0",
              "borderRadius": 68,
              "display": "flex",
              "height": 44,
              "justifyContent": "center",
            }
          }
          testID="userAvatar-image"
        >
          <View
            style={
              Array [
                Object {
                  "overflow": "hidden",
                },
                Object {
                  "aspectRatio": 1,
                  "height": 24,
                  "width": 32,
                },
              ]
            }
          >
            <FastImageView
              onFastImageLoadEnd={[Function]}
              resizeMode="cover"
              source={
                Object {
                  "testUri": "../../../src/assets/icons/user.png",
                }
              }
              style={
                Object {
                  "bottom": 0,
                  "left": 0,
                  "position": "absolute",
                  "right": 0,
                  "top": 0,
                }
              }
              testID="image"
              tintColor="#FFFFFF"
            />
          </View>
          <View
            style={
              Object {
                "alignItems": "center",
                "bottom": 0,
                "justifyContent": "center",
                "left": 0,
                "opacity": 1,
                "position": "absolute",
                "right": 0,
                "top": 0,
              }
            }
          >
            <View
              style={
                Object {
                  "alignItems": "center",
                  "aspectRatio": 1,
                  "backgroundColor": "#A0A0A0",
                  "borderRadius": 68,
                  "display": "flex",
                  "height": 44,
                  "justifyContent": "center",
                }
              }
            >
              <View
                style={
                  Array [
                    Object {
                      "overflow": "hidden",
                    },
                    Object {
                      "aspectRatio": 1,
                      "height": 24,
                      "width": 32,
                    },
                  ]
                }
              >
                <FastImageView
                  resizeMode="cover"
                  source={
                    Object {
                      "testUri": "../../../src/assets/icons/user.png",
                    }
                  }
                  style={
                    Object {
                      "bottom": 0,
                      "left": 0,
                      "position": "absolute",
                      "right": 0,
                      "top": 0,
                    }
                  }
                  testID="userAvatar-image-loader"
                  tintColor="#FFFFFF"
                />
              </View>
            </View>
          </View>
        </View>
      </View>
    </View>
    <View
      style={
        Object {
          "flex": 1,
          "justifyContent": "center",
          "marginLeft": 10,
          "marginVertical": 2,
        }
      }
    >
      <View
        accessible={true}
        collapsable={false}
        focusable={true}
        onBlur={[Function]}
        onClick={[Function]}
        onFocus={[Function]}
        onResponderGrant={[Function]}
        onResponderMove={[Function]}
        onResponderRelease={[Function]}
        onResponderTerminate={[Function]}
        onResponderTerminationRequest={[Function]}
        onStartShouldSetResponder={[Function]}
      >
        <Text
          style={
            Object {
              "color": "#1F2E4E",
              "flexWrap": "wrap",
              "fontFamily": "NotoSansJP-Bold",
              "fontSize": 14,
              "fontWeight": undefined,
              "letterSpacing": 0,
              "lineHeight": 20,
            }
          }
          testID="pilotName-text"
        >
          <Text>
            A pilot name
          </Text>
        </Text>
      </View>
      <View
        style={
          Object {
            "marginTop": 4,
          }
        }
      >
        <Text
          style={
            Object {
              "color": "#767676",
              "flexWrap": "wrap",
              "fontFamily": "NotoSansJP-Regular",
              "fontSize": 12,
              "fontWeight": undefined,
              "letterSpacing": 0,
              "lineHeight": 16,
            }
          }
          testID="bodyInfo-text"
        >
          4h
        </Text>
      </View>
    </View>
  </View>
</View>
`;
