// Jest Snapshot v1, https://goo.gl/fbAQLP

exports[`AddFlightPresenter constructor() initializes with the correct data 1`] = `
Form {
  "$handlers": Object {},
  "$hooks": Object {},
  "$submitted": 0,
  "$submitting": false,
  "$validated": 1,
  "$validating": true,
  "debouncedValidation": [Function],
  "execHandler": [Function],
  "execHook": [Function],
  "fields": Array [
    Array [
      "title",
      Field {
        "$bindings": "default",
        "$blurred": false,
        "$changed": false,
        "$clearing": false,
        "$default": "",
        "$deleted": false,
        "$disabled": false,
        "$extra": null,
        "$focused": false,
        "$handlers": Object {},
        "$hooks": Object {},
        "$initial": "",
        "$input": [Function],
        "$interceptors": null,
        "$label": "Title",
        "$observers": null,
        "$options": Object {},
        "$output": [Function],
        "$placeholder": "Add a title",
        "$related": Array [],
        "$resetting": false,
        "$rules": null,
        "$submitted": 0,
        "$submitting": false,
        "$touched": false,
        "$type": "text",
        "$validated": 0,
        "$validatedWith": "value",
        "$validating": false,
        "$validators": null,
        "$value": "",
        "autoFocus": false,
        "debouncedValidation": [Function],
        "disposeValidationOnBlur": [Function],
        "disposeValidationOnChange": [Function],
        "errorAsync": null,
        "errorSync": undefined,
        "execHandler": [Function],
        "execHook": [Function],
        "fields": Array [],
        "files": undefined,
        "hasInitialNestedFields": false,
        "id": "title--1",
        "incremental": false,
        "intercept": [Function],
        "key": "title",
        "name": "title",
        "noop": [Function],
        "observe": [Function],
        "onAdd": [Function],
        "onBlur": [Function],
        "onChange": [Function],
        "onClear": [Function],
        "onDel": [Function],
        "onDrop": [Function],
        "onFocus": [Function],
        "onReset": [Function],
        "onSubmit": [Function],
        "onToggle": [Function],
        "path": "title",
        "showError": false,
        "state": State {
          "$extra": undefined,
          "$struct": Array [],
          "bindings": Bindings {
            "rewriters": Object {
              "default": Object {
                "autoFocus": "autoFocus",
                "checked": "checked",
                "disabled": "disabled",
                "id": "id",
                "label": "label",
                "name": "name",
                "onBlur": "onBlur",
                "onChange": "onChange",
                "onFocus": "onFocus",
                "placeholder": "placeholder",
                "type": "type",
                "value": "value",
              },
            },
            "templates": Object {},
          },
          "current": Object {
            "fields": Object {},
            "props": Object {},
          },
          "disposers": Object {
            "interceptor": Object {},
            "observer": Object {},
          },
          "form": [Circular],
          "initial": Object {
            "fields": Object {},
            "props": Object {},
          },
          "mode": "unified",
          "options": Options {
            "options": Object {
              "autoParseNumbers": false,
              "defaultGenericError": null,
              "fallback": true,
              "retrieveOnlyDirtyValues": false,
              "retrieveOnlyEnabledFields": false,
              "showErrorsOnBlur": true,
              "showErrorsOnChange": false,
              "showErrorsOnClear": false,
              "showErrorsOnInit": false,
              "showErrorsOnReset": true,
              "showErrorsOnSubmit": true,
              "softDelete": false,
              "strictDelete": true,
              "strictUpdate": false,
              "submitThrowsError": true,
              "uniqueId": [Function],
              "validateDeletedFields": false,
              "validateDisabledFields": false,
              "validateOnBlur": true,
              "validateOnChange": true,
              "validateOnChangeAfterInitialBlur": false,
              "validateOnChangeAfterSubmit": false,
              "validateOnInit": true,
              "validatePristineFields": true,
              "validationDebounceOptions": Object {
                "leading": false,
                "trailing": true,
              },
              "validationDebounceWait": 0,
            },
          },
          "strict": false,
        },
        "sync": [Function],
        "validationAsyncData": Object {},
        "validationErrorStack": Array [],
        "validationFunctionsData": Array [],
      },
    ],
    Array [
      "message",
      Field {
        "$bindings": "default",
        "$blurred": false,
        "$changed": false,
        "$clearing": false,
        "$default": "",
        "$deleted": false,
        "$disabled": false,
        "$extra": null,
        "$focused": false,
        "$handlers": Object {},
        "$hooks": Object {},
        "$initial": "",
        "$input": [Function],
        "$interceptors": null,
        "$label": "Message / Trip notes",
        "$observers": null,
        "$options": Object {},
        "$output": [Function],
        "$placeholder": "Share an activity or experience
Request feedback
Post a PIREP",
        "$related": Array [],
        "$resetting": false,
        "$rules": null,
        "$submitted": 0,
        "$submitting": false,
        "$touched": false,
        "$type": "text",
        "$validated": 0,
        "$validatedWith": "value",
        "$validating": false,
        "$validators": null,
        "$value": "",
        "autoFocus": false,
        "debouncedValidation": [Function],
        "disposeValidationOnBlur": [Function],
        "disposeValidationOnChange": [Function],
        "errorAsync": null,
        "errorSync": undefined,
        "execHandler": [Function],
        "execHook": [Function],
        "fields": Array [],
        "files": undefined,
        "hasInitialNestedFields": false,
        "id": "message--2",
        "incremental": false,
        "intercept": [Function],
        "key": "message",
        "name": "message",
        "noop": [Function],
        "observe": [Function],
        "onAdd": [Function],
        "onBlur": [Function],
        "onChange": [Function],
        "onClear": [Function],
        "onDel": [Function],
        "onDrop": [Function],
        "onFocus": [Function],
        "onReset": [Function],
        "onSubmit": [Function],
        "onToggle": [Function],
        "path": "message",
        "showError": false,
        "state": State {
          "$extra": undefined,
          "$struct": Array [],
          "bindings": Bindings {
            "rewriters": Object {
              "default": Object {
                "autoFocus": "autoFocus",
                "checked": "checked",
                "disabled": "disabled",
                "id": "id",
                "label": "label",
                "name": "name",
                "onBlur": "onBlur",
                "onChange": "onChange",
                "onFocus": "onFocus",
                "placeholder": "placeholder",
                "type": "type",
                "value": "value",
              },
            },
            "templates": Object {},
          },
          "current": Object {
            "fields": Object {},
            "props": Object {},
          },
          "disposers": Object {
            "interceptor": Object {},
            "observer": Object {},
          },
          "form": [Circular],
          "initial": Object {
            "fields": Object {},
            "props": Object {},
          },
          "mode": "unified",
          "options": Options {
            "options": Object {
              "autoParseNumbers": false,
              "defaultGenericError": null,
              "fallback": true,
              "retrieveOnlyDirtyValues": false,
              "retrieveOnlyEnabledFields": false,
              "showErrorsOnBlur": true,
              "showErrorsOnChange": false,
              "showErrorsOnClear": false,
              "showErrorsOnInit": false,
              "showErrorsOnReset": true,
              "showErrorsOnSubmit": true,
              "softDelete": false,
              "strictDelete": true,
              "strictUpdate": false,
              "submitThrowsError": true,
              "uniqueId": [Function],
              "validateDeletedFields": false,
              "validateDisabledFields": false,
              "validateOnBlur": true,
              "validateOnChange": true,
              "validateOnChangeAfterInitialBlur": false,
              "validateOnChangeAfterSubmit": false,
              "validateOnInit": true,
              "validatePristineFields": true,
              "validationDebounceOptions": Object {
                "leading": false,
                "trailing": true,
              },
              "validationDebounceWait": 0,
            },
          },
          "strict": false,
        },
        "sync": [Function],
        "validationAsyncData": Object {},
        "validationErrorStack": Array [],
        "validationFunctionsData": Array [],
      },
    ],
    Array [
      "visibility",
      Field {
        "$bindings": "default",
        "$blurred": false,
        "$changed": false,
        "$clearing": false,
        "$default": "",
        "$deleted": false,
        "$disabled": false,
        "$extra": null,
        "$focused": false,
        "$handlers": Object {},
        "$hooks": Object {},
        "$initial": "",
        "$input": [Function],
        "$interceptors": null,
        "$label": "Post Visibility",
        "$observers": null,
        "$options": Object {},
        "$output": [Function],
        "$placeholder": "Select the visibility",
        "$related": Array [],
        "$resetting": false,
        "$rules": null,
        "$submitted": 0,
        "$submitting": false,
        "$touched": false,
        "$type": "text",
        "$validated": 0,
        "$validatedWith": "value",
        "$validating": false,
        "$validators": null,
        "$value": "",
        "autoFocus": false,
        "debouncedValidation": [Function],
        "disposeValidationOnBlur": [Function],
        "disposeValidationOnChange": [Function],
        "errorAsync": null,
        "errorSync": undefined,
        "execHandler": [Function],
        "execHook": [Function],
        "fields": Array [],
        "files": undefined,
        "hasInitialNestedFields": false,
        "id": "visibility--3",
        "incremental": false,
        "intercept": [Function],
        "key": "visibility",
        "name": "visibility",
        "noop": [Function],
        "observe": [Function],
        "onAdd": [Function],
        "onBlur": [Function],
        "onChange": [Function],
        "onClear": [Function],
        "onDel": [Function],
        "onDrop": [Function],
        "onFocus": [Function],
        "onReset": [Function],
        "onSubmit": [Function],
        "onToggle": [Function],
        "path": "visibility",
        "showError": false,
        "state": State {
          "$extra": undefined,
          "$struct": Array [],
          "bindings": Bindings {
            "rewriters": Object {
              "default": Object {
                "autoFocus": "autoFocus",
                "checked": "checked",
                "disabled": "disabled",
                "id": "id",
                "label": "label",
                "name": "name",
                "onBlur": "onBlur",
                "onChange": "onChange",
                "onFocus": "onFocus",
                "placeholder": "placeholder",
                "type": "type",
                "value": "value",
              },
            },
            "templates": Object {},
          },
          "current": Object {
            "fields": Object {},
            "props": Object {},
          },
          "disposers": Object {
            "interceptor": Object {},
            "observer": Object {},
          },
          "form": [Circular],
          "initial": Object {
            "fields": Object {},
            "props": Object {},
          },
          "mode": "unified",
          "options": Options {
            "options": Object {
              "autoParseNumbers": false,
              "defaultGenericError": null,
              "fallback": true,
              "retrieveOnlyDirtyValues": false,
              "retrieveOnlyEnabledFields": false,
              "showErrorsOnBlur": true,
              "showErrorsOnChange": false,
              "showErrorsOnClear": false,
              "showErrorsOnInit": false,
              "showErrorsOnReset": true,
              "showErrorsOnSubmit": true,
              "softDelete": false,
              "strictDelete": true,
              "strictUpdate": false,
              "submitThrowsError": true,
              "uniqueId": [Function],
              "validateDeletedFields": false,
              "validateDisabledFields": false,
              "validateOnBlur": true,
              "validateOnChange": true,
              "validateOnChangeAfterInitialBlur": false,
              "validateOnChangeAfterSubmit": false,
              "validateOnInit": true,
              "validatePristineFields": true,
              "validationDebounceOptions": Object {
                "leading": false,
                "trailing": true,
              },
              "validationDebounceWait": 0,
            },
          },
          "strict": false,
        },
        "sync": [Function],
        "validationAsyncData": Object {},
        "validationErrorStack": Array [],
        "validationFunctionsData": Array [],
      },
    ],
    Array [
      "flight",
      Field {
        "$bindings": "default",
        "$blurred": false,
        "$changed": false,
        "$clearing": false,
        "$default": "",
        "$deleted": false,
        "$disabled": false,
        "$extra": null,
        "$focused": false,
        "$handlers": Object {},
        "$hooks": Object {},
        "$initial": "",
        "$input": [Function],
        "$interceptors": null,
        "$label": "Flight",
        "$observers": null,
        "$options": Object {},
        "$output": [Function],
        "$placeholder": "",
        "$related": Array [],
        "$resetting": false,
        "$rules": null,
        "$submitted": 0,
        "$submitting": false,
        "$touched": false,
        "$type": "text",
        "$validated": 0,
        "$validatedWith": "value",
        "$validating": false,
        "$validators": null,
        "$value": "",
        "autoFocus": false,
        "debouncedValidation": [Function],
        "disposeValidationOnBlur": [Function],
        "disposeValidationOnChange": [Function],
        "errorAsync": null,
        "errorSync": null,
        "execHandler": [Function],
        "execHook": [Function],
        "fields": Array [
          Array [
            "from",
            Field {
              "$bindings": "default",
              "$blurred": false,
              "$changed": false,
              "$clearing": false,
              "$default": "",
              "$deleted": false,
              "$disabled": true,
              "$extra": null,
              "$focused": false,
              "$handlers": Object {},
              "$hooks": Object {},
              "$initial": "",
              "$input": [Function],
              "$interceptors": null,
              "$label": "From",
              "$observers": null,
              "$options": Object {},
              "$output": [Function],
              "$placeholder": "Origin code",
              "$related": Array [],
              "$resetting": false,
              "$rules": "required|between:3,4",
              "$submitted": 0,
              "$submitting": false,
              "$touched": false,
              "$type": "text",
              "$validated": 0,
              "$validatedWith": "value",
              "$validating": false,
              "$validators": null,
              "$value": "",
              "autoFocus": false,
              "debouncedValidation": [Function],
              "disposeValidationOnBlur": [Function],
              "disposeValidationOnChange": [Function],
              "errorAsync": null,
              "errorSync": null,
              "execHandler": [Function],
              "execHook": [Function],
              "fields": Array [],
              "files": undefined,
              "hasInitialNestedFields": false,
              "id": "flight-from--5",
              "incremental": false,
              "intercept": [Function],
              "key": "from",
              "name": "from",
              "noop": [Function],
              "observe": [Function],
              "onAdd": [Function],
              "onBlur": [Function],
              "onChange": [Function],
              "onClear": [Function],
              "onDel": [Function],
              "onDrop": [Function],
              "onFocus": [Function],
              "onReset": [Function],
              "onSubmit": [Function],
              "onToggle": [Function],
              "path": "flight.from",
              "showError": true,
              "state": State {
                "$extra": undefined,
                "$struct": Array [],
                "bindings": Bindings {
                  "rewriters": Object {
                    "default": Object {
                      "autoFocus": "autoFocus",
                      "checked": "checked",
                      "disabled": "disabled",
                      "id": "id",
                      "label": "label",
                      "name": "name",
                      "onBlur": "onBlur",
                      "onChange": "onChange",
                      "onFocus": "onFocus",
                      "placeholder": "placeholder",
                      "type": "type",
                      "value": "value",
                    },
                  },
                  "templates": Object {},
                },
                "current": Object {
                  "fields": Object {},
                  "props": Object {},
                },
                "disposers": Object {
                  "interceptor": Object {},
                  "observer": Object {},
                },
                "form": [Circular],
                "initial": Object {
                  "fields": Object {},
                  "props": Object {},
                },
                "mode": "unified",
                "options": Options {
                  "options": Object {
                    "autoParseNumbers": false,
                    "defaultGenericError": null,
                    "fallback": true,
                    "retrieveOnlyDirtyValues": false,
                    "retrieveOnlyEnabledFields": false,
                    "showErrorsOnBlur": true,
                    "showErrorsOnChange": false,
                    "showErrorsOnClear": false,
                    "showErrorsOnInit": false,
                    "showErrorsOnReset": true,
                    "showErrorsOnSubmit": true,
                    "softDelete": false,
                    "strictDelete": true,
                    "strictUpdate": false,
                    "submitThrowsError": true,
                    "uniqueId": [Function],
                    "validateDeletedFields": false,
                    "validateDisabledFields": false,
                    "validateOnBlur": true,
                    "validateOnChange": true,
                    "validateOnChangeAfterInitialBlur": false,
                    "validateOnChangeAfterSubmit": false,
                    "validateOnInit": true,
                    "validatePristineFields": true,
                    "validationDebounceOptions": Object {
                      "leading": false,
                      "trailing": true,
                    },
                    "validationDebounceWait": 0,
                  },
                },
                "strict": false,
              },
              "sync": [Function],
              "validationAsyncData": Object {},
              "validationErrorStack": Array [],
              "validationFunctionsData": Array [],
            },
          ],
          Array [
            "to",
            Field {
              "$bindings": "default",
              "$blurred": false,
              "$changed": false,
              "$clearing": false,
              "$default": "",
              "$deleted": false,
              "$disabled": true,
              "$extra": null,
              "$focused": false,
              "$handlers": Object {},
              "$hooks": Object {},
              "$initial": "",
              "$input": [Function],
              "$interceptors": null,
              "$label": "To",
              "$observers": null,
              "$options": Object {},
              "$output": [Function],
              "$placeholder": "Destination code",
              "$related": Array [],
              "$resetting": false,
              "$rules": "required|between:3,4",
              "$submitted": 0,
              "$submitting": false,
              "$touched": false,
              "$type": "text",
              "$validated": 0,
              "$validatedWith": "value",
              "$validating": false,
              "$validators": null,
              "$value": "",
              "autoFocus": false,
              "debouncedValidation": [Function],
              "disposeValidationOnBlur": [Function],
              "disposeValidationOnChange": [Function],
              "errorAsync": null,
              "errorSync": null,
              "execHandler": [Function],
              "execHook": [Function],
              "fields": Array [],
              "files": undefined,
              "hasInitialNestedFields": false,
              "id": "flight-to--6",
              "incremental": false,
              "intercept": [Function],
              "key": "to",
              "name": "to",
              "noop": [Function],
              "observe": [Function],
              "onAdd": [Function],
              "onBlur": [Function],
              "onChange": [Function],
              "onClear": [Function],
              "onDel": [Function],
              "onDrop": [Function],
              "onFocus": [Function],
              "onReset": [Function],
              "onSubmit": [Function],
              "onToggle": [Function],
              "path": "flight.to",
              "showError": true,
              "state": State {
                "$extra": undefined,
                "$struct": Array [],
                "bindings": Bindings {
                  "rewriters": Object {
                    "default": Object {
                      "autoFocus": "autoFocus",
                      "checked": "checked",
                      "disabled": "disabled",
                      "id": "id",
                      "label": "label",
                      "name": "name",
                      "onBlur": "onBlur",
                      "onChange": "onChange",
                      "onFocus": "onFocus",
                      "placeholder": "placeholder",
                      "type": "type",
                      "value": "value",
                    },
                  },
                  "templates": Object {},
                },
                "current": Object {
                  "fields": Object {},
                  "props": Object {},
                },
                "disposers": Object {
                  "interceptor": Object {},
                  "observer": Object {},
                },
                "form": [Circular],
                "initial": Object {
                  "fields": Object {},
                  "props": Object {},
                },
                "mode": "unified",
                "options": Options {
                  "options": Object {
                    "autoParseNumbers": false,
                    "defaultGenericError": null,
                    "fallback": true,
                    "retrieveOnlyDirtyValues": false,
                    "retrieveOnlyEnabledFields": false,
                    "showErrorsOnBlur": true,
                    "showErrorsOnChange": false,
                    "showErrorsOnClear": false,
                    "showErrorsOnInit": false,
                    "showErrorsOnReset": true,
                    "showErrorsOnSubmit": true,
                    "softDelete": false,
                    "strictDelete": true,
                    "strictUpdate": false,
                    "submitThrowsError": true,
                    "uniqueId": [Function],
                    "validateDeletedFields": false,
                    "validateDisabledFields": false,
                    "validateOnBlur": true,
                    "validateOnChange": true,
                    "validateOnChangeAfterInitialBlur": false,
                    "validateOnChangeAfterSubmit": false,
                    "validateOnInit": true,
                    "validatePristineFields": true,
                    "validationDebounceOptions": Object {
                      "leading": false,
                      "trailing": true,
                    },
                    "validationDebounceWait": 0,
                  },
                },
                "strict": false,
              },
              "sync": [Function],
              "validationAsyncData": Object {},
              "validationErrorStack": Array [],
              "validationFunctionsData": Array [],
            },
          ],
          Array [
            "departureTime",
            Field {
              "$bindings": "default",
              "$blurred": false,
              "$changed": false,
              "$clearing": false,
              "$default": "",
              "$deleted": false,
              "$disabled": true,
              "$extra": null,
              "$focused": false,
              "$handlers": Object {},
              "$hooks": Object {},
              "$initial": "",
              "$input": [Function],
              "$interceptors": null,
              "$label": "Departure",
              "$observers": null,
              "$options": Object {},
              "$output": [Function],
              "$placeholder": "Pick the date and time",
              "$related": Array [],
              "$resetting": false,
              "$rules": "required",
              "$submitted": 0,
              "$submitting": false,
              "$touched": false,
              "$type": "text",
              "$validated": 0,
              "$validatedWith": "value",
              "$validating": false,
              "$validators": null,
              "$value": "",
              "autoFocus": false,
              "debouncedValidation": [Function],
              "disposeValidationOnBlur": [Function],
              "disposeValidationOnChange": [Function],
              "errorAsync": null,
              "errorSync": null,
              "execHandler": [Function],
              "execHook": [Function],
              "fields": Array [],
              "files": undefined,
              "hasInitialNestedFields": false,
              "id": "flight-departureTime--7",
              "incremental": false,
              "intercept": [Function],
              "key": "departureTime",
              "name": "departureTime",
              "noop": [Function],
              "observe": [Function],
              "onAdd": [Function],
              "onBlur": [Function],
              "onChange": [Function],
              "onClear": [Function],
              "onDel": [Function],
              "onDrop": [Function],
              "onFocus": [Function],
              "onReset": [Function],
              "onSubmit": [Function],
              "onToggle": [Function],
              "path": "flight.departureTime",
              "showError": true,
              "state": State {
                "$extra": undefined,
                "$struct": Array [],
                "bindings": Bindings {
                  "rewriters": Object {
                    "default": Object {
                      "autoFocus": "autoFocus",
                      "checked": "checked",
                      "disabled": "disabled",
                      "id": "id",
                      "label": "label",
                      "name": "name",
                      "onBlur": "onBlur",
                      "onChange": "onChange",
                      "onFocus": "onFocus",
                      "placeholder": "placeholder",
                      "type": "type",
                      "value": "value",
                    },
                  },
                  "templates": Object {},
                },
                "current": Object {
                  "fields": Object {},
                  "props": Object {},
                },
                "disposers": Object {
                  "interceptor": Object {},
                  "observer": Object {},
                },
                "form": [Circular],
                "initial": Object {
                  "fields": Object {},
                  "props": Object {},
                },
                "mode": "unified",
                "options": Options {
                  "options": Object {
                    "autoParseNumbers": false,
                    "defaultGenericError": null,
                    "fallback": true,
                    "retrieveOnlyDirtyValues": false,
                    "retrieveOnlyEnabledFields": false,
                    "showErrorsOnBlur": true,
                    "showErrorsOnChange": false,
                    "showErrorsOnClear": false,
                    "showErrorsOnInit": false,
                    "showErrorsOnReset": true,
                    "showErrorsOnSubmit": true,
                    "softDelete": false,
                    "strictDelete": true,
                    "strictUpdate": false,
                    "submitThrowsError": true,
                    "uniqueId": [Function],
                    "validateDeletedFields": false,
                    "validateDisabledFields": false,
                    "validateOnBlur": true,
                    "validateOnChange": true,
                    "validateOnChangeAfterInitialBlur": false,
                    "validateOnChangeAfterSubmit": false,
                    "validateOnInit": true,
                    "validatePristineFields": true,
                    "validationDebounceOptions": Object {
                      "leading": false,
                      "trailing": true,
                    },
                    "validationDebounceWait": 0,
                  },
                },
                "strict": false,
              },
              "sync": [Function],
              "validationAsyncData": Object {},
              "validationErrorStack": Array [],
              "validationFunctionsData": Array [],
            },
          ],
          Array [
            "arrivalTime",
            Field {
              "$bindings": "default",
              "$blurred": false,
              "$changed": false,
              "$clearing": false,
              "$default": "",
              "$deleted": false,
              "$disabled": true,
              "$extra": null,
              "$focused": false,
              "$handlers": Object {},
              "$hooks": Object {},
              "$initial": "",
              "$input": [Function],
              "$interceptors": null,
              "$label": "Arrival",
              "$observers": null,
              "$options": Object {},
              "$output": [Function],
              "$placeholder": "Pick the date and time",
              "$related": Array [],
              "$resetting": false,
              "$rules": "required",
              "$submitted": 0,
              "$submitting": false,
              "$touched": false,
              "$type": "text",
              "$validated": 0,
              "$validatedWith": "value",
              "$validating": false,
              "$validators": null,
              "$value": "",
              "autoFocus": false,
              "debouncedValidation": [Function],
              "disposeValidationOnBlur": [Function],
              "disposeValidationOnChange": [Function],
              "errorAsync": null,
              "errorSync": null,
              "execHandler": [Function],
              "execHook": [Function],
              "fields": Array [],
              "files": undefined,
              "hasInitialNestedFields": false,
              "id": "flight-arrivalTime--8",
              "incremental": false,
              "intercept": [Function],
              "key": "arrivalTime",
              "name": "arrivalTime",
              "noop": [Function],
              "observe": [Function],
              "onAdd": [Function],
              "onBlur": [Function],
              "onChange": [Function],
              "onClear": [Function],
              "onDel": [Function],
              "onDrop": [Function],
              "onFocus": [Function],
              "onReset": [Function],
              "onSubmit": [Function],
              "onToggle": [Function],
              "path": "flight.arrivalTime",
              "showError": true,
              "state": State {
                "$extra": undefined,
                "$struct": Array [],
                "bindings": Bindings {
                  "rewriters": Object {
                    "default": Object {
                      "autoFocus": "autoFocus",
                      "checked": "checked",
                      "disabled": "disabled",
                      "id": "id",
                      "label": "label",
                      "name": "name",
                      "onBlur": "onBlur",
                      "onChange": "onChange",
                      "onFocus": "onFocus",
                      "placeholder": "placeholder",
                      "type": "type",
                      "value": "value",
                    },
                  },
                  "templates": Object {},
                },
                "current": Object {
                  "fields": Object {},
                  "props": Object {},
                },
                "disposers": Object {
                  "interceptor": Object {},
                  "observer": Object {},
                },
                "form": [Circular],
                "initial": Object {
                  "fields": Object {},
                  "props": Object {},
                },
                "mode": "unified",
                "options": Options {
                  "options": Object {
                    "autoParseNumbers": false,
                    "defaultGenericError": null,
                    "fallback": true,
                    "retrieveOnlyDirtyValues": false,
                    "retrieveOnlyEnabledFields": false,
                    "showErrorsOnBlur": true,
                    "showErrorsOnChange": false,
                    "showErrorsOnClear": false,
                    "showErrorsOnInit": false,
                    "showErrorsOnReset": true,
                    "showErrorsOnSubmit": true,
                    "softDelete": false,
                    "strictDelete": true,
                    "strictUpdate": false,
                    "submitThrowsError": true,
                    "uniqueId": [Function],
                    "validateDeletedFields": false,
                    "validateDisabledFields": false,
                    "validateOnBlur": true,
                    "validateOnChange": true,
                    "validateOnChangeAfterInitialBlur": false,
                    "validateOnChangeAfterSubmit": false,
                    "validateOnInit": true,
                    "validatePristineFields": true,
                    "validationDebounceOptions": Object {
                      "leading": false,
                      "trailing": true,
                    },
                    "validationDebounceWait": 0,
                  },
                },
                "strict": false,
              },
              "sync": [Function],
              "validationAsyncData": Object {},
              "validationErrorStack": Array [],
              "validationFunctionsData": Array [],
            },
          ],
        ],
        "files": undefined,
        "hasInitialNestedFields": true,
        "id": "flight--4",
        "incremental": true,
        "intercept": [Function],
        "key": "flight",
        "name": "flight",
        "noop": [Function],
        "observe": [Function],
        "onAdd": [Function],
        "onBlur": [Function],
        "onChange": [Function],
        "onClear": [Function],
        "onDel": [Function],
        "onDrop": [Function],
        "onFocus": [Function],
        "onReset": [Function],
        "onSubmit": [Function],
        "onToggle": [Function],
        "path": "flight",
        "showError": true,
        "state": State {
          "$extra": undefined,
          "$struct": Array [],
          "bindings": Bindings {
            "rewriters": Object {
              "default": Object {
                "autoFocus": "autoFocus",
                "checked": "checked",
                "disabled": "disabled",
                "id": "id",
                "label": "label",
                "name": "name",
                "onBlur": "onBlur",
                "onChange": "onChange",
                "onFocus": "onFocus",
                "placeholder": "placeholder",
                "type": "type",
                "value": "value",
              },
            },
            "templates": Object {},
          },
          "current": Object {
            "fields": Object {},
            "props": Object {},
          },
          "disposers": Object {
            "interceptor": Object {},
            "observer": Object {},
          },
          "form": [Circular],
          "initial": Object {
            "fields": Object {},
            "props": Object {},
          },
          "mode": "unified",
          "options": Options {
            "options": Object {
              "autoParseNumbers": false,
              "defaultGenericError": null,
              "fallback": true,
              "retrieveOnlyDirtyValues": false,
              "retrieveOnlyEnabledFields": false,
              "showErrorsOnBlur": true,
              "showErrorsOnChange": false,
              "showErrorsOnClear": false,
              "showErrorsOnInit": false,
              "showErrorsOnReset": true,
              "showErrorsOnSubmit": true,
              "softDelete": false,
              "strictDelete": true,
              "strictUpdate": false,
              "submitThrowsError": true,
              "uniqueId": [Function],
              "validateDeletedFields": false,
              "validateDisabledFields": false,
              "validateOnBlur": true,
              "validateOnChange": true,
              "validateOnChangeAfterInitialBlur": false,
              "validateOnChangeAfterSubmit": false,
              "validateOnInit": true,
              "validatePristineFields": true,
              "validationDebounceOptions": Object {
                "leading": false,
                "trailing": true,
              },
              "validationDebounceWait": 0,
            },
          },
          "strict": false,
        },
        "sync": [Function],
        "validationAsyncData": Object {},
        "validationErrorStack": Array [],
        "validationFunctionsData": Array [],
      },
    ],
  ],
  "intercept": [Function],
  "name": null,
  "noop": [Function],
  "observe": [Function],
  "onAdd": [Function],
  "onClear": [Function],
  "onDel": [Function],
  "onReset": [Function],
  "onSubmit": [Function],
  "state": State {
    "$extra": undefined,
    "$struct": Array [],
    "bindings": Bindings {
      "rewriters": Object {
        "default": Object {
          "autoFocus": "autoFocus",
          "checked": "checked",
          "disabled": "disabled",
          "id": "id",
          "label": "label",
          "name": "name",
          "onBlur": "onBlur",
          "onChange": "onChange",
          "onFocus": "onFocus",
          "placeholder": "placeholder",
          "type": "type",
          "value": "value",
        },
      },
      "templates": Object {},
    },
    "current": Object {
      "fields": Object {},
      "props": Object {},
    },
    "disposers": Object {
      "interceptor": Object {},
      "observer": Object {},
    },
    "form": [Circular],
    "initial": Object {
      "fields": Object {},
      "props": Object {},
    },
    "mode": "unified",
    "options": Options {
      "options": Object {
        "autoParseNumbers": false,
        "defaultGenericError": null,
        "fallback": true,
        "retrieveOnlyDirtyValues": false,
        "retrieveOnlyEnabledFields": false,
        "showErrorsOnBlur": true,
        "showErrorsOnChange": false,
        "showErrorsOnClear": false,
        "showErrorsOnInit": false,
        "showErrorsOnReset": true,
        "showErrorsOnSubmit": true,
        "softDelete": false,
        "strictDelete": true,
        "strictUpdate": false,
        "submitThrowsError": true,
        "uniqueId": [Function],
        "validateDeletedFields": false,
        "validateDisabledFields": false,
        "validateOnBlur": true,
        "validateOnChange": true,
        "validateOnChangeAfterInitialBlur": false,
        "validateOnChangeAfterSubmit": false,
        "validateOnInit": true,
        "validatePristineFields": true,
        "validationDebounceOptions": Object {
          "leading": false,
          "trailing": true,
        },
        "validationDebounceWait": 0,
      },
    },
    "strict": false,
  },
  "validator": Validator {
    "drivers": Object {
      "dvr": DVR {
        "config": null,
        "extend": undefined,
        "promises": Array [],
        "state": State {
          "$extra": undefined,
          "$struct": Array [],
          "bindings": Bindings {
            "rewriters": Object {
              "default": Object {
                "autoFocus": "autoFocus",
                "checked": "checked",
                "disabled": "disabled",
                "id": "id",
                "label": "label",
                "name": "name",
                "onBlur": "onBlur",
                "onChange": "onChange",
                "onFocus": "onFocus",
                "placeholder": "placeholder",
                "type": "type",
                "value": "value",
              },
            },
            "templates": Object {},
          },
          "current": Object {
            "fields": Object {},
            "props": Object {},
          },
          "disposers": Object {
            "interceptor": Object {},
            "observer": Object {},
          },
          "form": [Circular],
          "initial": Object {
            "fields": Object {},
            "props": Object {},
          },
          "mode": "unified",
          "options": Options {
            "options": Object {
              "autoParseNumbers": false,
              "defaultGenericError": null,
              "fallback": true,
              "retrieveOnlyDirtyValues": false,
              "retrieveOnlyEnabledFields": false,
              "showErrorsOnBlur": true,
              "showErrorsOnChange": false,
              "showErrorsOnClear": false,
              "showErrorsOnInit": false,
              "showErrorsOnReset": true,
              "showErrorsOnSubmit": true,
              "softDelete": false,
              "strictDelete": true,
              "strictUpdate": false,
              "submitThrowsError": true,
              "uniqueId": [Function],
              "validateDeletedFields": false,
              "validateDisabledFields": false,
              "validateOnBlur": true,
              "validateOnChange": true,
              "validateOnChangeAfterInitialBlur": false,
              "validateOnChangeAfterSubmit": false,
              "validateOnInit": true,
              "validatePristineFields": true,
              "validationDebounceOptions": Object {
                "leading": false,
                "trailing": true,
              },
              "validationDebounceWait": 0,
            },
          },
          "strict": false,
        },
        "validator": [Function],
      },
      "svk": undefined,
      "vjf": undefined,
      "yup": undefined,
    },
    "error": null,
    "form": [Circular],
    "options": Object {},
    "plugins": Object {
      "dvr": Object {
        "class": [Function],
        "config": Object {
          "package": [Function],
        },
      },
      "svk": undefined,
      "vjf": undefined,
      "yup": undefined,
    },
    "promises": Array [],
  },
}
`;
